// Vitest Snapshot v1, https://vitest.dev/guide/snapshot.html

exports[`snapshot > snapshot 1`] = `
<DocumentFragment>
  <button
    class="MuiButtonBase-root MuiButton-root MuiButton-contained MuiButton-containedPrimary MuiButton-sizeMedium MuiButton-containedSizeMedium MuiButton-root MuiButton-contained MuiButton-containedPrimary MuiButton-sizeMedium MuiButton-containedSizeMedium css-sghohy-MuiButtonBase-root-MuiButton-root"
    tabindex="0"
    type="button"
  >
    Submit Button
    <span
      class="MuiTouchRipple-root css-8je8zh-MuiTouchRipple-root"
    />
  </button>
</DocumentFragment>
`;
