// Vitest Snapshot v1, https://vitest.dev/guide/snapshot.html

exports[`snapshot > snapshot 1`] = `
<DocumentFragment>
  <div>
    <button
      class="text-gray-900 bg-white border border-gray-300 focus:outline-none hover:bg-gray-100 focus:ring-4 focus:ring-gray-200 font-medium rounded-lg text-sm px-5 py-2.5 mr-2 mb-2 dark:bg-gray-800 dark:text-white dark:border-gray-600 dark:hover:bg-gray-700 dark:hover:border-gray-600 undefined"
      type="button"
    >
      Cancel Button
    </button>
  </div>
</DocumentFragment>
`;
