// Vitest Snapshot v1, https://vitest.dev/guide/snapshot.html

exports[`snapshot > snapshot 1`] = `
<DocumentFragment>
  <div
    class="flex justify-center"
  >
    <button
      class="border-2 border-black"
      type="button"
    >
      <svg
        fill="currentColor"
        height="3em"
        stroke="currentColor"
        stroke-width="0"
        viewBox="0 0 24 24"
        width="3em"
        xmlns="http://www.w3.org/2000/svg"
      >
        <path
          d="M0 0h24v24H0z"
          fill="none"
        />
        <path
          d="M20 11H7.83l5.59-5.59L12 4l-8 8 8 8 1.41-1.41L7.83 13H20v-2z"
        />
      </svg>
    </button>
  </div>
</DocumentFragment>
`;
